---
source: crates/ft-serialize/src/lib.rs
expression: pretty
---
{
  "entries": [
    {
      "grad": null,
      "node_id": 3,
      "value": 1.0
    },
    {
      "grad": -3.5,
      "node_id": 7,
      "value": 2.0
    },
    {
      "grad": 1.25,
      "node_id": 7,
      "value": -0.5
    }
  ],
  "mode": "strict",
  "schema_version": 1,
  "source_hash": "det64:4950f922ab2dbd30"
}
